// Jest Snapshot v1, https://goo.gl/fbAQLP

exports[`Header container matches snapshot 1`] = `
<Header
  completeSession={[Function]}
  store={
    Object {
      "clearActions": [Function],
      "dispatch": [Function],
      "getActions": [Function],
      "getState": [Function],
      "replaceReducer": [Function],
      "subscribe": [Function],
    }
  }
  userLoggedIn={true}
  username="John Doe"
/>
`;
