// Jest Snapshot v1, https://goo.gl/fbAQLP

exports[`CreateNewListModal container matches snapshot 1`] = `
<CreateNewListModal
  errors={Object {}}
  handleSubmit={[Function]}
  handleTriggerClick={[Function]}
  hideModal={[Function]}
  modalVisible={false}
  showModal={[Function]}
  triggerComponent={null}
  triggerProps={null}
/>
`;

exports[`CreateNewListModal container validationSchema matches snapshot 1`] = `
Object {
  "fields": Object {
    "description": Object {
      "label": undefined,
      "meta": undefined,
      "tests": Array [
        Object {
          "name": "required",
          "params": undefined,
        },
      ],
      "type": "string",
    },
    "name": Object {
      "label": undefined,
      "meta": undefined,
      "tests": Array [
        Object {
          "name": "required",
          "params": undefined,
        },
      ],
      "type": "string",
    },
  },
  "label": undefined,
  "meta": undefined,
  "tests": Array [],
  "type": "object",
}
`;
