// Jest Snapshot v1, https://goo.gl/fbAQLP

exports[`Dashboard container matches snapsot 1`] = `
<Dashboard
  currentPage={1}
  error=""
  fetchMovies={[Function]}
  list={
    Array [
      Object {
        "id": 1,
        "overview": "Overview",
        "poster_path": "Path",
        "title": "Title",
      },
    ]
  }
  loading={false}
  totalItems={21}
/>
`;
