// Jest Snapshot v1, https://goo.gl/fbAQLP

exports[`Favorites container matches snapshot 1`] = `
<Favorites
  currentPage={1}
  error=""
  fetchList={[Function]}
  list={
    Array [
      Object {
        "id": 1,
        "overview": "Overview",
        "poster_path": "Path",
        "title": "Title",
      },
    ]
  }
  loading={false}
  removeModalAction={[Function]}
  totalItems={21}
/>
`;
